============================= test session starts =============================
platform win32 -- Python 3.12.4, pytest-8.4.1, pluggy-1.6.0 -- D:\apps\Anaconda3\python.exe
cachedir: .pytest_cache
rootdir: D:\future\antigravity\LaTexTrans
plugins: anyio-4.12.1, asyncio-1.1.0
asyncio: mode=Mode.STRICT, asyncio_default_fixture_loop_scope=None, asyncio_default_test_loop_scope=function
collecting ... collected 20 items

backend/tests/unit/test_precompile_sanitizer.py::test_comments_out_axessibility PASSED [  5%]
backend/tests/unit/test_precompile_sanitizer.py::test_comments_out_multiple_packages PASSED [ 10%]
backend/tests/unit/test_precompile_sanitizer.py::test_no_action_on_safe_packages PASSED [ 15%]
backend/tests/unit/test_precompile_sanitizer.py::test_handles_options PASSED [ 20%]
backend/tests/unit/test_sanitizer.py::TestExtractFailedPdfPaths::test_extracts_pdf_from_error_line PASSED [ 25%]
backend/tests/unit/test_sanitizer.py::TestExtractFailedPdfPaths::test_ignores_missing_files PASSED [ 30%]
backend/tests/unit/test_sanitizer.py::TestExtractFailedPdfPaths::test_no_reading_image_failed_returns_empty PASSED [ 35%]
backend/tests/unit/test_sanitizer.py::TestCheckPdfSyntaxError::test_returns_true_when_syntax_error_in_pdfinfo_output PASSED [ 40%]
backend/tests/unit/test_sanitizer.py::TestCheckPdfSyntaxError::test_returns_false_for_clean_pdf PASSED [ 45%]
backend/tests/unit/test_sanitizer.py::TestCheckPdfSyntaxError::test_returns_false_when_pdfinfo_not_found PASSED [ 50%]
backend/tests/unit/test_sanitizer.py::TestSanitizePdf::test_returns_sanitized_path_on_success PASSED [ 55%]
backend/tests/unit/test_sanitizer.py::TestSanitizePdf::test_returns_none_when_ghostscript_not_found PASSED [ 60%]
backend/tests/unit/test_sanitizer.py::TestSanitizePdf::test_returns_none_when_gs_fails PASSED [ 65%]
backend/tests/unit/test_sanitizer.py::TestPatchTexIncludegraphics::test_patches_simple_include PASSED [ 70%]
backend/tests/unit/test_sanitizer.py::TestPatchTexIncludegraphics::test_does_not_patch_unrelated_file PASSED [ 75%]
backend/tests/unit/test_sanitizer.py::TestPatchTexIncludegraphics::test_patches_multiple_references PASSED [ 80%]
backend/tests/unit/test_sanitizer.py::TestTrySanitizeImagesInErrors::test_end_to_end_sanitization PASSED [ 85%]
backend/tests/unit/test_sanitizer.py::TestTrySanitizeImagesInErrors::test_no_action_when_no_reading_image_failed PASSED [ 90%]
backend/tests/unit/test_sanitizer.py::TestTrySanitizeImagesInErrors::test_skips_already_sanitized_pdfs PASSED [ 95%]
backend/tests/unit/test_sanitizer.py::TestTrySanitizeImagesInErrors::test_new_pdf_added_to_newly_sanitized_set PASSED [100%]

============================= 20 passed in 0.14s ==============================
